// Jest Snapshot v1, https://goo.gl/fbAQLP

exports[`should render 1`] = `
Object {
  "asFragment": [Function],
  "baseElement": <body>
    <div>
      <div
        class="body"
      >
        <header
          class="post-head"
        >
          <a
            class="subreddit"
            href="https://reddit.com/r/unpopularopinion"
          >
            r/unpopularopinion
          </a>
          <div
            class="title-group"
          >
            <span
              class="upvote"
            >
              20.7k
            </span>
            <h1
              class="title"
            >
              Taking showers with your socks on is so much better than not
            </h1>
          </div>
        </header>
        <div
          class="post-container"
        >
          <section
            class="post-body"
          >
            <div>
              <!-- SC_OFF -->
              <div
                class="md"
              >
                <p>
                  I almost always shower with my socks on. It just feels more relaxing, I don’t really like the feeling of water below my feet. Having socks on, even light ones, feels like a nice towel to put around my feet when I’m showering. It’s just better this way. I’ve done this since I was like, 8, and I don’t ever plan on changing it. When I told my friends about it they all said it was really weird. I just think it is more comfortable, relaxing, and overall a better experience.
                </p>
                


                <p>
                  Edit: jeez I really didn’t think that this was a big deal.
                </p>
                


                <p>
                  Edit 2: To address some things:Yes, I actually do this, I personally like it, and it really isn’t problematic so I do it. My feet aren’t always super clean but I rub lotion on them occasionally.
                </p>
                


                <p>
                  Edit 3: well I went to sleep, and now I have 953 notifications.
                </p>
                

              </div>
              <!-- SC_ON -->
            </div>
            <div
              class="comment-reference"
            >
              <img
                class="icon"
                src="comment.png"
              />
               
              16
            </div>
          </section>
          <section
            class="comments-section"
          >
            <div
              class="comment-group "
            >
              <div
                class="comment"
                id="t1_f35vz2f"
              >
                <div
                  class="title-group"
                >
                  <a
                    class="author"
                    href="https://reddit.com/user/RandomName01"
                  >
                    RandomName01
                  </a>
                  <span
                    class="upvotes"
                  >
                    1
                     points
                  </span>
                   
                  -
                   
                  <span
                    class="time-ago"
                  >
                    5 months ago
                  </span>
                  <span
                    class="delete"
                  >
                    <img
                      class="icon"
                      src="delete.png"
                    />
                  </span>
                </div>
                <div
                  class="comment-body"
                >
                  <div
                    class="md"
                  >
                    <p>
                      Bruh
                    </p>
                    

                  </div>
                </div>
              </div>
              <div
                class="comment-group nested"
              />
              <div
                class="comment"
                id="t1_f35nn9e"
              >
                <div
                  class="title-group"
                >
                  <a
                    class="author"
                    href="https://reddit.com/user/shantanu011"
                  >
                    shantanu011
                  </a>
                  <span
                    class="upvotes"
                  >
                    2.2k
                     points
                  </span>
                   
                  -
                   
                  <span
                    class="time-ago"
                  >
                    5 months ago
                  </span>
                  <span
                    class="delete"
                  >
                    <img
                      class="icon"
                      src="delete.png"
                    />
                  </span>
                </div>
                <div
                  class="comment-body"
                >
                  <div
                    class="md"
                  >
                    <p>
                      97% Disagree it's the most unpopular opinion I've seen here after that guy who wanted to be pregnant
                    </p>
                    

                  </div>
                </div>
              </div>
              <div
                class="comment-group nested"
              >
                <div
                  class="comment"
                  id="t1_f35y9gp"
                >
                  <div
                    class="title-group"
                  >
                    <a
                      class="author"
                      href="https://reddit.com/user/ShitOnMyArsehole"
                    >
                      ShitOnMyArsehole
                    </a>
                    <span
                      class="upvotes"
                    >
                      638
                       points
                    </span>
                     
                    -
                     
                    <span
                      class="time-ago"
                    >
                      5 months ago
                    </span>
                    <span
                      class="delete"
                    >
                      <img
                        class="icon"
                        src="delete.png"
                      />
                    </span>
                  </div>
                  <div
                    class="comment-body"
                  >
                    <div
                      class="md"
                    >
                      <p>
                        Or the guy who likes sleeping in jeans
                      </p>
                      


                      <p>
                        Edit: to everyone commenting, I meant the dude liked to get into bed at night with the duvet on with jeans, not just taking a nap
                      </p>
                      

                    </div>
                  </div>
                </div>
                <div
                  class="comment-group nested"
                >
                  <div
                    class="comment"
                    id="t1_f369ye5"
                  >
                    <div
                      class="title-group"
                    >
                      <a
                        class="author"
                        href="https://reddit.com/user/nikithb"
                      >
                        nikithb
                      </a>
                      <span
                        class="upvotes"
                      >
                        551
                         points
                      </span>
                       
                      -
                       
                      <span
                        class="time-ago"
                      >
                        5 months ago
                      </span>
                      <span
                        class="delete"
                      >
                        <img
                          class="icon"
                          src="delete.png"
                        />
                      </span>
                    </div>
                    <div
                      class="comment-body"
                    >
                      <div
                        class="md"
                      >
                        <p>
                          Or the guy who eats his cereal with water
                        </p>
                        

                      </div>
                    </div>
                  </div>
                  <div
                    class="comment-group nested"
                  >
                    <div
                      class="comment"
                      id="t1_f36ge9a"
                    >
                      <div
                        class="title-group"
                      >
                        <a
                          class="author"
                          href="https://reddit.com/user/Sazzybee"
                        >
                          Sazzybee
                        </a>
                        <span
                          class="upvotes"
                        >
                          286
                           points
                        </span>
                         
                        -
                         
                        <span
                          class="time-ago"
                        >
                          5 months ago
                        </span>
                        <span
                          class="delete"
                        >
                          <img
                            class="icon"
                            src="delete.png"
                          />
                        </span>
                      </div>
                      <div
                        class="comment-body"
                      >
                        <div
                          class="md"
                        >
                          <p>
                            Good lord, I wanted to down vote this but realised you're the messenger, we don't shoot the messenger
                          </p>
                          

                        </div>
                      </div>
                    </div>
                    <div
                      class="comment-group nested"
                    />
                  </div>
                  <div
                    class="comment"
                    id="t1_f36drup"
                  >
                    <div
                      class="title-group"
                    >
                      <a
                        class="author"
                        href="https://reddit.com/user/bellowingbullfinches"
                      >
                        bellowingbullfinches
                      </a>
                      <span
                        class="upvotes"
                      >
                        32
                         points
                      </span>
                       
                      -
                       
                      <span
                        class="time-ago"
                      >
                        5 months ago
                      </span>
                      <span
                        class="delete"
                      >
                        <img
                          class="icon"
                          src="delete.png"
                        />
                      </span>
                    </div>
                    <div
                      class="comment-body"
                    >
                      <div
                        class="md"
                      >
                        <p>
                          Sleeping in jeans is fine on a couch or something, but not good in a bed under sheets.
                        </p>
                        

                      </div>
                    </div>
                  </div>
                  <div
                    class="comment-group nested"
                  >
                    <div
                      class="comment"
                      id="t1_f36efud"
                    >
                      <div
                        class="title-group"
                      >
                        <a
                          class="author"
                          href="https://reddit.com/user/ShitOnMyArsehole"
                        >
                          ShitOnMyArsehole
                        </a>
                        <span
                          class="upvotes"
                        >
                          16
                           points
                        </span>
                         
                        -
                         
                        <span
                          class="time-ago"
                        >
                          5 months ago
                        </span>
                        <span
                          class="delete"
                        >
                          <img
                            class="icon"
                            src="delete.png"
                          />
                        </span>
                      </div>
                      <div
                        class="comment-body"
                      >
                        <div
                          class="md"
                        >
                          <p>
                            Yeah but you don't purposely go to bed in jeans like the poster did
                          </p>
                          

                        </div>
                      </div>
                    </div>
                    <div
                      class="comment-group nested"
                    />
                  </div>
                </div>
                <div
                  class="comment"
                  id="t1_f361yrc"
                >
                  <div
                    class="title-group"
                  >
                    <a
                      class="author"
                      href="https://reddit.com/user/HansenTakeASeat"
                    >
                      HansenTakeASeat
                    </a>
                    <span
                      class="upvotes"
                    >
                      56
                       points
                    </span>
                     
                    -
                     
                    <span
                      class="time-ago"
                    >
                      5 months ago
                    </span>
                    <span
                      class="delete"
                    >
                      <img
                        class="icon"
                        src="delete.png"
                      />
                    </span>
                  </div>
                  <div
                    class="comment-body"
                  >
                    <div
                      class="md"
                    >
                      <p>
                        Am I pregegnant or am I ok?
                      </p>
                      

                    </div>
                  </div>
                </div>
                <div
                  class="comment-group nested"
                >
                  <div
                    class="comment"
                    id="t1_f36daww"
                  >
                    <div
                      class="title-group"
                    >
                      <a
                        class="author"
                        href="https://reddit.com/user/_Noot_Noot"
                      >
                        _Noot_Noot
                      </a>
                      <span
                        class="upvotes"
                      >
                        32
                         points
                      </span>
                       
                      -
                       
                      <span
                        class="time-ago"
                      >
                        5 months ago
                      </span>
                      <span
                        class="delete"
                      >
                        <img
                          class="icon"
                          src="delete.png"
                        />
                      </span>
                    </div>
                    <div
                      class="comment-body"
                    >
                      <div
                        class="md"
                      >
                        <p>
                          Can you get.....PREGANTE
                        </p>
                        

                      </div>
                    </div>
                  </div>
                  <div
                    class="comment-group nested"
                  >
                    <div
                      class="comment"
                      id="t1_f36fubr"
                    >
                      <div
                        class="title-group"
                      >
                        <a
                          class="author"
                          href="https://reddit.com/user/Macho_Mans_Ghost"
                        >
                          Macho_Mans_Ghost
                        </a>
                        <span
                          class="upvotes"
                        >
                          29
                           points
                        </span>
                         
                        -
                         
                        <span
                          class="time-ago"
                        >
                          5 months ago
                        </span>
                        <span
                          class="delete"
                        >
                          <img
                            class="icon"
                            src="delete.png"
                          />
                        </span>
                      </div>
                      <div
                        class="comment-body"
                      >
                        <div
                          class="md"
                        >
                          <h1>
                            AM I GREGNANT?!
                          </h1>
                          

                        </div>
                      </div>
                    </div>
                    <div
                      class="comment-group nested"
                    />
                  </div>
                </div>
              </div>
              <div
                class="comment"
                id="t1_f35kuhk"
              >
                <div
                  class="title-group"
                >
                  <a
                    class="author"
                    href="https://reddit.com/user/OceLawless"
                  >
                    OceLawless
                  </a>
                  <span
                    class="upvotes"
                  >
                    263
                     points
                  </span>
                   
                  -
                   
                  <span
                    class="time-ago"
                  >
                    5 months ago
                  </span>
                  <span
                    class="delete"
                  >
                    <img
                      class="icon"
                      src="delete.png"
                    />
                  </span>
                </div>
                <div
                  class="comment-body"
                >
                  <div
                    class="md"
                  >
                    <p>
                      I'm gonna try this tonight op, and if it's shit I will come for you.
                    </p>
                    


                    <p>
                      Edit: just got home. Getting in shower now.
                    </p>
                    


                    <p>
                      Edit 2 electric boogaloo: risky click of the day. 

                      <a
                        href="https://imgur.com/a/u1C215L"
                      >
                        No bamboozle
                      </a>
                    </p>
                    


                    <p>
                      Edit 3: you!!!  I declare shenanigans.
                    </p>
                    

                  </div>
                </div>
              </div>
              <div
                class="comment-group nested"
              >
                <div
                  class="comment"
                  id="t1_f35ltpb"
                >
                  <div
                    class="title-group"
                  >
                    <a
                      class="author"
                      href="https://reddit.com/user/[deleted]"
                    >
                      [deleted]
                    </a>
                    <span
                      class="upvotes"
                    >
                      136
                       points
                    </span>
                     
                    -
                     
                    <span
                      class="time-ago"
                    >
                      5 months ago
                    </span>
                    <span
                      class="delete"
                    >
                      <img
                        class="icon"
                        src="delete.png"
                      />
                    </span>
                  </div>
                  <div
                    class="comment-body"
                  >
                    <div
                      class="md"
                    >
                      <p>
                        [deleted]
                      </p>
                      

                    </div>
                  </div>
                </div>
                <div
                  class="comment-group nested"
                >
                  <div
                    class="comment"
                    id="t1_f37esup"
                  >
                    <div
                      class="title-group"
                    >
                      <a
                        class="author"
                        href="https://reddit.com/user/OceLawless"
                      >
                        OceLawless
                      </a>
                      <span
                        class="upvotes"
                      >
                        10
                         points
                      </span>
                       
                      -
                       
                      <span
                        class="time-ago"
                      >
                        5 months ago
                      </span>
                      <span
                        class="delete"
                      >
                        <img
                          class="icon"
                          src="delete.png"
                        />
                      </span>
                    </div>
                    <div
                      class="comment-body"
                    >
                      <div
                        class="md"
                      >
                        <p>
                          You, sonofabitch.
                        </p>
                        

                      </div>
                    </div>
                  </div>
                  <div
                    class="comment-group nested"
                  />
                </div>
                <div
                  class="comment"
                  id="t1_f35tfxh"
                >
                  <div
                    class="title-group"
                  >
                    <a
                      class="author"
                      href="https://reddit.com/user/DaSwagCow"
                    >
                      DaSwagCow
                    </a>
                    <span
                      class="upvotes"
                    >
                      33
                       points
                    </span>
                     
                    -
                     
                    <span
                      class="time-ago"
                    >
                      5 months ago
                    </span>
                    <span
                      class="delete"
                    >
                      <img
                        class="icon"
                        src="delete.png"
                      />
                    </span>
                  </div>
                  <div
                    class="comment-body"
                  >
                    <div
                      class="md"
                    >
                      <p>
                        So?
                      </p>
                      

                    </div>
                  </div>
                </div>
                <div
                  class="comment-group nested"
                >
                  <div
                    class="comment"
                    id="t1_f35uh0q"
                  >
                    <div
                      class="title-group"
                    >
                      <a
                        class="author"
                        href="https://reddit.com/user/Killahcamcam"
                      >
                        Killahcamcam
                      </a>
                      <span
                        class="upvotes"
                      >
                        75
                         points
                      </span>
                       
                      -
                       
                      <span
                        class="time-ago"
                      >
                        5 months ago
                      </span>
                      <span
                        class="delete"
                      >
                        <img
                          class="icon"
                          src="delete.png"
                        />
                      </span>
                    </div>
                    <div
                      class="comment-body"
                    >
                      <div
                        class="md"
                      >
                        <p>
                          It's shit.
                        </p>
                        

                      </div>
                    </div>
                  </div>
                  <div
                    class="comment-group nested"
                  />
                  <div
                    class="comment"
                    id="t1_f35wht6"
                  >
                    <div
                      class="title-group"
                    >
                      <a
                        class="author"
                        href="https://reddit.com/user/OceLawless"
                      >
                        OceLawless
                      </a>
                      <span
                        class="upvotes"
                      >
                        23
                         points
                      </span>
                       
                      -
                       
                      <span
                        class="time-ago"
                      >
                        5 months ago
                      </span>
                      <span
                        class="delete"
                      >
                        <img
                          class="icon"
                          src="delete.png"
                        />
                      </span>
                    </div>
                    <div
                      class="comment-body"
                    >
                      <div
                        class="md"
                      >
                        <p>
                          It's 3pm where I am. So still at work
                        </p>
                        


                        <p>
                          Edit:sorry lads I'm still at a bar. I will update ASAP no bamboozle.
                        </p>
                        

                      </div>
                    </div>
                  </div>
                  <div
                    class="comment-group nested"
                  />
                </div>
              </div>
            </div>
          </section>
        </div>
      </div>
    </div>
  </body>,
  "container": <div>
    <div
      class="body"
    >
      <header
        class="post-head"
      >
        <a
          class="subreddit"
          href="https://reddit.com/r/unpopularopinion"
        >
          r/unpopularopinion
        </a>
        <div
          class="title-group"
        >
          <span
            class="upvote"
          >
            20.7k
          </span>
          <h1
            class="title"
          >
            Taking showers with your socks on is so much better than not
          </h1>
        </div>
      </header>
      <div
        class="post-container"
      >
        <section
          class="post-body"
        >
          <div>
            <!-- SC_OFF -->
            <div
              class="md"
            >
              <p>
                I almost always shower with my socks on. It just feels more relaxing, I don’t really like the feeling of water below my feet. Having socks on, even light ones, feels like a nice towel to put around my feet when I’m showering. It’s just better this way. I’ve done this since I was like, 8, and I don’t ever plan on changing it. When I told my friends about it they all said it was really weird. I just think it is more comfortable, relaxing, and overall a better experience.
              </p>
              


              <p>
                Edit: jeez I really didn’t think that this was a big deal.
              </p>
              


              <p>
                Edit 2: To address some things:Yes, I actually do this, I personally like it, and it really isn’t problematic so I do it. My feet aren’t always super clean but I rub lotion on them occasionally.
              </p>
              


              <p>
                Edit 3: well I went to sleep, and now I have 953 notifications.
              </p>
              

            </div>
            <!-- SC_ON -->
          </div>
          <div
            class="comment-reference"
          >
            <img
              class="icon"
              src="comment.png"
            />
             
            16
          </div>
        </section>
        <section
          class="comments-section"
        >
          <div
            class="comment-group "
          >
            <div
              class="comment"
              id="t1_f35vz2f"
            >
              <div
                class="title-group"
              >
                <a
                  class="author"
                  href="https://reddit.com/user/RandomName01"
                >
                  RandomName01
                </a>
                <span
                  class="upvotes"
                >
                  1
                   points
                </span>
                 
                -
                 
                <span
                  class="time-ago"
                >
                  5 months ago
                </span>
                <span
                  class="delete"
                >
                  <img
                    class="icon"
                    src="delete.png"
                  />
                </span>
              </div>
              <div
                class="comment-body"
              >
                <div
                  class="md"
                >
                  <p>
                    Bruh
                  </p>
                  

                </div>
              </div>
            </div>
            <div
              class="comment-group nested"
            />
            <div
              class="comment"
              id="t1_f35nn9e"
            >
              <div
                class="title-group"
              >
                <a
                  class="author"
                  href="https://reddit.com/user/shantanu011"
                >
                  shantanu011
                </a>
                <span
                  class="upvotes"
                >
                  2.2k
                   points
                </span>
                 
                -
                 
                <span
                  class="time-ago"
                >
                  5 months ago
                </span>
                <span
                  class="delete"
                >
                  <img
                    class="icon"
                    src="delete.png"
                  />
                </span>
              </div>
              <div
                class="comment-body"
              >
                <div
                  class="md"
                >
                  <p>
                    97% Disagree it's the most unpopular opinion I've seen here after that guy who wanted to be pregnant
                  </p>
                  

                </div>
              </div>
            </div>
            <div
              class="comment-group nested"
            >
              <div
                class="comment"
                id="t1_f35y9gp"
              >
                <div
                  class="title-group"
                >
                  <a
                    class="author"
                    href="https://reddit.com/user/ShitOnMyArsehole"
                  >
                    ShitOnMyArsehole
                  </a>
                  <span
                    class="upvotes"
                  >
                    638
                     points
                  </span>
                   
                  -
                   
                  <span
                    class="time-ago"
                  >
                    5 months ago
                  </span>
                  <span
                    class="delete"
                  >
                    <img
                      class="icon"
                      src="delete.png"
                    />
                  </span>
                </div>
                <div
                  class="comment-body"
                >
                  <div
                    class="md"
                  >
                    <p>
                      Or the guy who likes sleeping in jeans
                    </p>
                    


                    <p>
                      Edit: to everyone commenting, I meant the dude liked to get into bed at night with the duvet on with jeans, not just taking a nap
                    </p>
                    

                  </div>
                </div>
              </div>
              <div
                class="comment-group nested"
              >
                <div
                  class="comment"
                  id="t1_f369ye5"
                >
                  <div
                    class="title-group"
                  >
                    <a
                      class="author"
                      href="https://reddit.com/user/nikithb"
                    >
                      nikithb
                    </a>
                    <span
                      class="upvotes"
                    >
                      551
                       points
                    </span>
                     
                    -
                     
                    <span
                      class="time-ago"
                    >
                      5 months ago
                    </span>
                    <span
                      class="delete"
                    >
                      <img
                        class="icon"
                        src="delete.png"
                      />
                    </span>
                  </div>
                  <div
                    class="comment-body"
                  >
                    <div
                      class="md"
                    >
                      <p>
                        Or the guy who eats his cereal with water
                      </p>
                      

                    </div>
                  </div>
                </div>
                <div
                  class="comment-group nested"
                >
                  <div
                    class="comment"
                    id="t1_f36ge9a"
                  >
                    <div
                      class="title-group"
                    >
                      <a
                        class="author"
                        href="https://reddit.com/user/Sazzybee"
                      >
                        Sazzybee
                      </a>
                      <span
                        class="upvotes"
                      >
                        286
                         points
                      </span>
                       
                      -
                       
                      <span
                        class="time-ago"
                      >
                        5 months ago
                      </span>
                      <span
                        class="delete"
                      >
                        <img
                          class="icon"
                          src="delete.png"
                        />
                      </span>
                    </div>
                    <div
                      class="comment-body"
                    >
                      <div
                        class="md"
                      >
                        <p>
                          Good lord, I wanted to down vote this but realised you're the messenger, we don't shoot the messenger
                        </p>
                        

                      </div>
                    </div>
                  </div>
                  <div
                    class="comment-group nested"
                  />
                </div>
                <div
                  class="comment"
                  id="t1_f36drup"
                >
                  <div
                    class="title-group"
                  >
                    <a
                      class="author"
                      href="https://reddit.com/user/bellowingbullfinches"
                    >
                      bellowingbullfinches
                    </a>
                    <span
                      class="upvotes"
                    >
                      32
                       points
                    </span>
                     
                    -
                     
                    <span
                      class="time-ago"
                    >
                      5 months ago
                    </span>
                    <span
                      class="delete"
                    >
                      <img
                        class="icon"
                        src="delete.png"
                      />
                    </span>
                  </div>
                  <div
                    class="comment-body"
                  >
                    <div
                      class="md"
                    >
                      <p>
                        Sleeping in jeans is fine on a couch or something, but not good in a bed under sheets.
                      </p>
                      

                    </div>
                  </div>
                </div>
                <div
                  class="comment-group nested"
                >
                  <div
                    class="comment"
                    id="t1_f36efud"
                  >
                    <div
                      class="title-group"
                    >
                      <a
                        class="author"
                        href="https://reddit.com/user/ShitOnMyArsehole"
                      >
                        ShitOnMyArsehole
                      </a>
                      <span
                        class="upvotes"
                      >
                        16
                         points
                      </span>
                       
                      -
                       
                      <span
                        class="time-ago"
                      >
                        5 months ago
                      </span>
                      <span
                        class="delete"
                      >
                        <img
                          class="icon"
                          src="delete.png"
                        />
                      </span>
                    </div>
                    <div
                      class="comment-body"
                    >
                      <div
                        class="md"
                      >
                        <p>
                          Yeah but you don't purposely go to bed in jeans like the poster did
                        </p>
                        

                      </div>
                    </div>
                  </div>
                  <div
                    class="comment-group nested"
                  />
                </div>
              </div>
              <div
                class="comment"
                id="t1_f361yrc"
              >
                <div
                  class="title-group"
                >
                  <a
                    class="author"
                    href="https://reddit.com/user/HansenTakeASeat"
                  >
                    HansenTakeASeat
                  </a>
                  <span
                    class="upvotes"
                  >
                    56
                     points
                  </span>
                   
                  -
                   
                  <span
                    class="time-ago"
                  >
                    5 months ago
                  </span>
                  <span
                    class="delete"
                  >
                    <img
                      class="icon"
                      src="delete.png"
                    />
                  </span>
                </div>
                <div
                  class="comment-body"
                >
                  <div
                    class="md"
                  >
                    <p>
                      Am I pregegnant or am I ok?
                    </p>
                    

                  </div>
                </div>
              </div>
              <div
                class="comment-group nested"
              >
                <div
                  class="comment"
                  id="t1_f36daww"
                >
                  <div
                    class="title-group"
                  >
                    <a
                      class="author"
                      href="https://reddit.com/user/_Noot_Noot"
                    >
                      _Noot_Noot
                    </a>
                    <span
                      class="upvotes"
                    >
                      32
                       points
                    </span>
                     
                    -
                     
                    <span
                      class="time-ago"
                    >
                      5 months ago
                    </span>
                    <span
                      class="delete"
                    >
                      <img
                        class="icon"
                        src="delete.png"
                      />
                    </span>
                  </div>
                  <div
                    class="comment-body"
                  >
                    <div
                      class="md"
                    >
                      <p>
                        Can you get.....PREGANTE
                      </p>
                      

                    </div>
                  </div>
                </div>
                <div
                  class="comment-group nested"
                >
                  <div
                    class="comment"
                    id="t1_f36fubr"
                  >
                    <div
                      class="title-group"
                    >
                      <a
                        class="author"
                        href="https://reddit.com/user/Macho_Mans_Ghost"
                      >
                        Macho_Mans_Ghost
                      </a>
                      <span
                        class="upvotes"
                      >
                        29
                         points
                      </span>
                       
                      -
                       
                      <span
                        class="time-ago"
                      >
                        5 months ago
                      </span>
                      <span
                        class="delete"
                      >
                        <img
                          class="icon"
                          src="delete.png"
                        />
                      </span>
                    </div>
                    <div
                      class="comment-body"
                    >
                      <div
                        class="md"
                      >
                        <h1>
                          AM I GREGNANT?!
                        </h1>
                        

                      </div>
                    </div>
                  </div>
                  <div
                    class="comment-group nested"
                  />
                </div>
              </div>
            </div>
            <div
              class="comment"
              id="t1_f35kuhk"
            >
              <div
                class="title-group"
              >
                <a
                  class="author"
                  href="https://reddit.com/user/OceLawless"
                >
                  OceLawless
                </a>
                <span
                  class="upvotes"
                >
                  263
                   points
                </span>
                 
                -
                 
                <span
                  class="time-ago"
                >
                  5 months ago
                </span>
                <span
                  class="delete"
                >
                  <img
                    class="icon"
                    src="delete.png"
                  />
                </span>
              </div>
              <div
                class="comment-body"
              >
                <div
                  class="md"
                >
                  <p>
                    I'm gonna try this tonight op, and if it's shit I will come for you.
                  </p>
                  


                  <p>
                    Edit: just got home. Getting in shower now.
                  </p>
                  


                  <p>
                    Edit 2 electric boogaloo: risky click of the day. 

                    <a
                      href="https://imgur.com/a/u1C215L"
                    >
                      No bamboozle
                    </a>
                  </p>
                  


                  <p>
                    Edit 3: you!!!  I declare shenanigans.
                  </p>
                  

                </div>
              </div>
            </div>
            <div
              class="comment-group nested"
            >
              <div
                class="comment"
                id="t1_f35ltpb"
              >
                <div
                  class="title-group"
                >
                  <a
                    class="author"
                    href="https://reddit.com/user/[deleted]"
                  >
                    [deleted]
                  </a>
                  <span
                    class="upvotes"
                  >
                    136
                     points
                  </span>
                   
                  -
                   
                  <span
                    class="time-ago"
                  >
                    5 months ago
                  </span>
                  <span
                    class="delete"
                  >
                    <img
                      class="icon"
                      src="delete.png"
                    />
                  </span>
                </div>
                <div
                  class="comment-body"
                >
                  <div
                    class="md"
                  >
                    <p>
                      [deleted]
                    </p>
                    

                  </div>
                </div>
              </div>
              <div
                class="comment-group nested"
              >
                <div
                  class="comment"
                  id="t1_f37esup"
                >
                  <div
                    class="title-group"
                  >
                    <a
                      class="author"
                      href="https://reddit.com/user/OceLawless"
                    >
                      OceLawless
                    </a>
                    <span
                      class="upvotes"
                    >
                      10
                       points
                    </span>
                     
                    -
                     
                    <span
                      class="time-ago"
                    >
                      5 months ago
                    </span>
                    <span
                      class="delete"
                    >
                      <img
                        class="icon"
                        src="delete.png"
                      />
                    </span>
                  </div>
                  <div
                    class="comment-body"
                  >
                    <div
                      class="md"
                    >
                      <p>
                        You, sonofabitch.
                      </p>
                      

                    </div>
                  </div>
                </div>
                <div
                  class="comment-group nested"
                />
              </div>
              <div
                class="comment"
                id="t1_f35tfxh"
              >
                <div
                  class="title-group"
                >
                  <a
                    class="author"
                    href="https://reddit.com/user/DaSwagCow"
                  >
                    DaSwagCow
                  </a>
                  <span
                    class="upvotes"
                  >
                    33
                     points
                  </span>
                   
                  -
                   
                  <span
                    class="time-ago"
                  >
                    5 months ago
                  </span>
                  <span
                    class="delete"
                  >
                    <img
                      class="icon"
                      src="delete.png"
                    />
                  </span>
                </div>
                <div
                  class="comment-body"
                >
                  <div
                    class="md"
                  >
                    <p>
                      So?
                    </p>
                    

                  </div>
                </div>
              </div>
              <div
                class="comment-group nested"
              >
                <div
                  class="comment"
                  id="t1_f35uh0q"
                >
                  <div
                    class="title-group"
                  >
                    <a
                      class="author"
                      href="https://reddit.com/user/Killahcamcam"
                    >
                      Killahcamcam
                    </a>
                    <span
                      class="upvotes"
                    >
                      75
                       points
                    </span>
                     
                    -
                     
                    <span
                      class="time-ago"
                    >
                      5 months ago
                    </span>
                    <span
                      class="delete"
                    >
                      <img
                        class="icon"
                        src="delete.png"
                      />
                    </span>
                  </div>
                  <div
                    class="comment-body"
                  >
                    <div
                      class="md"
                    >
                      <p>
                        It's shit.
                      </p>
                      

                    </div>
                  </div>
                </div>
                <div
                  class="comment-group nested"
                />
                <div
                  class="comment"
                  id="t1_f35wht6"
                >
                  <div
                    class="title-group"
                  >
                    <a
                      class="author"
                      href="https://reddit.com/user/OceLawless"
                    >
                      OceLawless
                    </a>
                    <span
                      class="upvotes"
                    >
                      23
                       points
                    </span>
                     
                    -
                     
                    <span
                      class="time-ago"
                    >
                      5 months ago
                    </span>
                    <span
                      class="delete"
                    >
                      <img
                        class="icon"
                        src="delete.png"
                      />
                    </span>
                  </div>
                  <div
                    class="comment-body"
                  >
                    <div
                      class="md"
                    >
                      <p>
                        It's 3pm where I am. So still at work
                      </p>
                      


                      <p>
                        Edit:sorry lads I'm still at a bar. I will update ASAP no bamboozle.
                      </p>
                      

                    </div>
                  </div>
                </div>
                <div
                  class="comment-group nested"
                />
              </div>
            </div>
          </div>
        </section>
      </div>
    </div>
  </div>,
  "debug": [Function],
  "findAllByAltText": [Function],
  "findAllByDisplayValue": [Function],
  "findAllByLabelText": [Function],
  "findAllByPlaceholderText": [Function],
  "findAllByRole": [Function],
  "findAllByTestId": [Function],
  "findAllByText": [Function],
  "findAllByTitle": [Function],
  "findByAltText": [Function],
  "findByDisplayValue": [Function],
  "findByLabelText": [Function],
  "findByPlaceholderText": [Function],
  "findByRole": [Function],
  "findByTestId": [Function],
  "findByText": [Function],
  "findByTitle": [Function],
  "getAllByAltText": [Function],
  "getAllByDisplayValue": [Function],
  "getAllByLabelText": [Function],
  "getAllByPlaceholderText": [Function],
  "getAllByRole": [Function],
  "getAllByTestId": [Function],
  "getAllByText": [Function],
  "getAllByTitle": [Function],
  "getByAltText": [Function],
  "getByDisplayValue": [Function],
  "getByLabelText": [Function],
  "getByPlaceholderText": [Function],
  "getByRole": [Function],
  "getByTestId": [Function],
  "getByText": [Function],
  "getByTitle": [Function],
  "queryAllByAltText": [Function],
  "queryAllByDisplayValue": [Function],
  "queryAllByLabelText": [Function],
  "queryAllByPlaceholderText": [Function],
  "queryAllByRole": [Function],
  "queryAllByTestId": [Function],
  "queryAllByText": [Function],
  "queryAllByTitle": [Function],
  "queryByAltText": [Function],
  "queryByDisplayValue": [Function],
  "queryByLabelText": [Function],
  "queryByPlaceholderText": [Function],
  "queryByRole": [Function],
  "queryByTestId": [Function],
  "queryByText": [Function],
  "queryByTitle": [Function],
  "rerender": [Function],
  "unmount": [Function],
}
`;
